


ARM Macro Assembler    Page 1 


    1 00000000         ;Write an ARM assembly language program to transfer bloc
                       k of ten 32 bit numbers from one memory to another a.
    2 00000000         ;When the source and destination blocks are non-overlapp
                       ing b.When the source and destination blocks are overlap
                       ping
    3 00000000         ;A.
    4 00000000                 AREA             RESET,DATA,READONLY
    5 00000000                 EXPORT           __Vectors
    6 00000000         __Vectors
    7 00000000 40001000        DCD              0X40001000
    8 00000004 00000000        DCD              Reset_Handler
    9 00000008                 ALIGN
   10 00000008                 AREA             mycode, CODE,READONLY
   11 00000000                 ENTRY
   12 00000000                 EXPORT           Reset_Handler
   13 00000000         Reset_Handler
   14 00000000 480F            LDR              R0,=SRC
   15 00000002 4910            LDR              R1,=DST
   16 00000004 F04F 020A       MOV              R2,#10
   17 00000008         MOV_LOOP
   18 00000008 F850 3B04       LDR              R3,[R0],#4
   19 0000000C F841 3B04       STR              R3,[R1],#4
   20 00000010 1E52            SUBS             R2,R2,#1
   21 00000012 D1F9            BNE              MOV_LOOP
   22 00000014         STOP
   23 00000014 E7FE            B                STOP
   24 00000016 00 00 00000001 
              00000002 
              00000003 
              00000004 
              00000005 
              00000006 
              00000007 
              00000008 
              00000009 
              00000010 SRC     DCD              0X0001,0X0002,0X0003,0X0004,0X0
005,0X0006,0X0007,0X0008,0X0009,0X0010
   25 00000040 00000000 
              00000000         AREA             DATASEG,DATA,READWRITE
   26 00000000 00000000 
                       DST     DCD              0
   27 00000004                 END
Command Line: --debug --xref --cpu=Cortex-M3 --apcs=interwork --depend=QUES1A.d
 -oQUES1A.o -IC:\Keil\ARM\RV31\INC -IC:\Keil\ARM\CMSIS\Include -IC:\Keil\ARM\In
c\NXP\LPC17xx --predefine="__EVAL SETA 1" --list=QUES1A.lst QUES1A.asm



ARM Macro Assembler    Page 1 Alphabetic symbol ordering
Relocatable symbols

RESET 00000000

Symbol: RESET
   Definitions
      At line 4 in file QUES1A.asm
   Uses
      None
Comment: RESET unused
__Vectors 00000000

Symbol: __Vectors
   Definitions
      At line 6 in file QUES1A.asm
   Uses
      At line 5 in file QUES1A.asm
Comment: __Vectors used once
2 symbols



ARM Macro Assembler    Page 1 Alphabetic symbol ordering
Relocatable symbols

MOV_LOOP 00000008

Symbol: MOV_LOOP
   Definitions
      At line 17 in file QUES1A.asm
   Uses
      At line 21 in file QUES1A.asm
Comment: MOV_LOOP used once
Reset_Handler 00000000

Symbol: Reset_Handler
   Definitions
      At line 13 in file QUES1A.asm
   Uses
      At line 8 in file QUES1A.asm
      At line 12 in file QUES1A.asm

SRC 00000018

Symbol: SRC
   Definitions
      At line 24 in file QUES1A.asm
   Uses
      At line 14 in file QUES1A.asm
Comment: SRC used once
STOP 00000014

Symbol: STOP
   Definitions
      At line 22 in file QUES1A.asm
   Uses
      At line 23 in file QUES1A.asm
Comment: STOP used once
mycode 00000000

Symbol: mycode
   Definitions
      At line 10 in file QUES1A.asm
   Uses
      None
Comment: mycode unused
5 symbols



ARM Macro Assembler    Page 1 Alphabetic symbol ordering
Relocatable symbols

DATASEG 00000000

Symbol: DATASEG
   Definitions
      At line 25 in file QUES1A.asm
   Uses
      None
Comment: DATASEG unused
DST 00000000

Symbol: DST
   Definitions
      At line 26 in file QUES1A.asm
   Uses
      At line 15 in file QUES1A.asm
Comment: DST used once
2 symbols
342 symbols in table
