


ARM Macro Assembler    Page 1 


    1 00000000         ;Reverse an array of ten 32 bit numbers in the memory.
    2 00000000                 AREA             RESET, DATA, READONLY
    3 00000000                 EXPORT           __Vectors
    4 00000000         __Vectors
    5 00000000 40001000        DCD              0x40001000
    6 00000004 00000000        DCD              Reset_Handler
    7 00000008                 ALIGN
    8 00000008                 AREA             mycode, CODE, READONLY
    9 00000000                 ENTRY
   10 00000000                 EXPORT           Reset_Handler
   11 00000000         Reset_Handler
   12 00000000 4811            LDR              R0, =SRC
   13 00000002 4912            LDR              R1, =DST
   14 00000004 F04F 020A       MOV              R2,#10
   15 00000008 F100 0024       ADD              R0, R0, #36
   16 0000000C         
   17 0000000C         LOOP
   18 0000000C 6803            LDR              R3, [R0]
   19 0000000E 600B            STR              R3, [R1]
   20 00000010 F1A0 0004       SUB              R0, R0, #4
   21 00000014 F101 0104       ADD              R1, R1, #4
   22 00000018 3A01            SUBS             R2,#1
   23 0000001A D1F7            BNE              LOOP
   24 0000001C         STOP
   25 0000001C E7FE            B                STOP
   26 0000001E 00 00 000000A1 
              000000A2 
              000000A3 
              000000A4 
              000000A5 
              000000A6 
              000000A7 
              000000A8 
              000000A9 
              00000A10 SRC     DCD              0X00A1,0X00A2,0X00A3,0X00A4,0X0
0A5,0X00A6,0X00A7,0X00A8,0X00A9,0X0A10
   27 00000048 00000000 
              00000000         AREA             DATASEG,DATA,READWRITE
   28 00000000 00000000 
                       DST     DCD              0
   29 00000004                 END
Command Line: --debug --xref --cpu=Cortex-M3 --apcs=interwork --depend=QUES2.d 
-oQUES2.o -IC:\Keil\ARM\RV31\INC -IC:\Keil\ARM\CMSIS\Include -IC:\Keil\ARM\Inc\
NXP\LPC17xx --predefine="__EVAL SETA 1" --list=QUES2.lst QUES2.asm



ARM Macro Assembler    Page 1 Alphabetic symbol ordering
Relocatable symbols

RESET 00000000

Symbol: RESET
   Definitions
      At line 2 in file QUES2.asm
   Uses
      None
Comment: RESET unused
__Vectors 00000000

Symbol: __Vectors
   Definitions
      At line 4 in file QUES2.asm
   Uses
      At line 3 in file QUES2.asm
Comment: __Vectors used once
2 symbols



ARM Macro Assembler    Page 1 Alphabetic symbol ordering
Relocatable symbols

LOOP 0000000C

Symbol: LOOP
   Definitions
      At line 17 in file QUES2.asm
   Uses
      At line 23 in file QUES2.asm
Comment: LOOP used once
Reset_Handler 00000000

Symbol: Reset_Handler
   Definitions
      At line 11 in file QUES2.asm
   Uses
      At line 6 in file QUES2.asm
      At line 10 in file QUES2.asm

SRC 00000020

Symbol: SRC
   Definitions
      At line 26 in file QUES2.asm
   Uses
      At line 12 in file QUES2.asm
Comment: SRC used once
STOP 0000001C

Symbol: STOP
   Definitions
      At line 24 in file QUES2.asm
   Uses
      At line 25 in file QUES2.asm
Comment: STOP used once
mycode 00000000

Symbol: mycode
   Definitions
      At line 8 in file QUES2.asm
   Uses
      None
Comment: mycode unused
5 symbols



ARM Macro Assembler    Page 1 Alphabetic symbol ordering
Relocatable symbols

DATASEG 00000000

Symbol: DATASEG
   Definitions
      At line 27 in file QUES2.asm
   Uses
      None
Comment: DATASEG unused
DST 00000000

Symbol: DST
   Definitions
      At line 28 in file QUES2.asm
   Uses
      At line 13 in file QUES2.asm
Comment: DST used once
2 symbols
342 symbols in table
