


ARM Macro Assembler    Page 1 


    1 00000000         ;Write an ARM assembly language program to covert 2-digi
                       t hexadecimal number in ASCII.(Ex: input:0x21, output=0x
                       3231)
    2 00000000                 AREA             RESET, DATA, READONLY
    3 00000000                 EXPORT           __Vectors
    4 00000000         __Vectors
    5 00000000 40001000        DCD              0x40001000
    6 00000004 00000000        DCD              Reset_Handler
    7 00000008                 ALIGN
    8 00000008                 AREA             mycode, CODE, READONLY
    9 00000000                 ENTRY
   10 00000000                 EXPORT           Reset_Handler
   11 00000000         Reset_Handler
   12 00000000 480D            LDR              R0,=NUM
   13 00000002 4B0E            LDR              R3,=RESULT
   14 00000004 7801            LDRB             R1,[R0]
   15 00000006 F001 020F       AND              R2,R1,#0x0F
   16 0000000A 2A09            CMP              R2,#09
   17 0000000C D301            BLO              DOWN
   18 0000000E F102 0207       ADD              R2,#07
   19 00000012         DOWN
   20 00000012 F102 0230       ADD              R2,#0x30
   21 00000016 701A            STRB             R2,[R3]
   22 00000018 F001 03F0       AND              R3,R1,#0xF0
   23 0000001C EA4F 1313       MOV              R3,R3,LSR#04
   24 00000020 2B09            CMP              R3,#09
   25 00000022 D301            BLO              DOWN1
   26 00000024 F103 0307       ADD              R3,#07
   27 00000028         DOWN1
   28 00000028 F103 0330       ADD              R3,#0x30
   29 0000002C 4803            LDR              R0,=RESULT
   30 0000002E 7043            STRB             R3,[R0,#01]
   31 00000030 E7FE    STOP    B                STOP
   32 00000032 00 00 00000021 
                       NUM     DCD              0X21
   33 00000038 00000000 
              00000000 
              00000000         AREA             data, DATA, READWRITE
   34 00000000 00000000 
                       RESULT  DCD              0
   35 00000004                 END
Command Line: --debug --xref --cpu=Cortex-M3 --apcs=interwork --depend=l4q1.d -
ol4q1.o -IC:\Keil\ARM\RV31\INC -IC:\Keil\ARM\CMSIS\Include -IC:\Keil\ARM\Inc\NX
P\LPC17xx --predefine="__EVAL SETA 1" --list=l4q1.lst l4q1.asm



ARM Macro Assembler    Page 1 Alphabetic symbol ordering
Relocatable symbols

RESET 00000000

Symbol: RESET
   Definitions
      At line 2 in file l4q1.asm
   Uses
      None
Comment: RESET unused
__Vectors 00000000

Symbol: __Vectors
   Definitions
      At line 4 in file l4q1.asm
   Uses
      At line 3 in file l4q1.asm
Comment: __Vectors used once
2 symbols



ARM Macro Assembler    Page 1 Alphabetic symbol ordering
Relocatable symbols

DOWN 00000012

Symbol: DOWN
   Definitions
      At line 19 in file l4q1.asm
   Uses
      At line 17 in file l4q1.asm
Comment: DOWN used once
DOWN1 00000028

Symbol: DOWN1
   Definitions
      At line 27 in file l4q1.asm
   Uses
      At line 25 in file l4q1.asm
Comment: DOWN1 used once
NUM 00000034

Symbol: NUM
   Definitions
      At line 32 in file l4q1.asm
   Uses
      At line 12 in file l4q1.asm
Comment: NUM used once
Reset_Handler 00000000

Symbol: Reset_Handler
   Definitions
      At line 11 in file l4q1.asm
   Uses
      At line 6 in file l4q1.asm
      At line 10 in file l4q1.asm

STOP 00000030

Symbol: STOP
   Definitions
      At line 31 in file l4q1.asm
   Uses
      At line 31 in file l4q1.asm
Comment: STOP used once
mycode 00000000

Symbol: mycode
   Definitions
      At line 8 in file l4q1.asm
   Uses
      None
Comment: mycode unused
6 symbols



ARM Macro Assembler    Page 1 Alphabetic symbol ordering
Relocatable symbols

RESULT 00000000

Symbol: RESULT
   Definitions
      At line 34 in file l4q1.asm
   Uses
      At line 13 in file l4q1.asm
      At line 29 in file l4q1.asm

data 00000000

Symbol: data
   Definitions
      At line 33 in file l4q1.asm
   Uses
      None
Comment: data unused
2 symbols
343 symbols in table
