


ARM Macro Assembler    Page 1 


    1 00000000         ;Write an assembly language program to convert a 2-digit
                        BCD number in to its equivalent hexadecimal number.
    2 00000000                 AREA             RESET, DATA, READONLY
    3 00000000                 EXPORT           __Vectors
    4 00000000         __Vectors
    5 00000000 40001000        DCD              0x40001000
    6 00000004 00000000        DCD              Reset_Handler
    7 00000008                 ALIGN
    8 00000008                 AREA             mycode, CODE, READONLY
    9 00000000                 ENTRY
   10 00000000                 EXPORT           Reset_Handler
   11 00000000         Reset_Handler
   12 00000000 4809            LDR              R0, =NUM
   13 00000002 6801            LDR              R1, [R0]
   14 00000004 F001 020F       AND              R2, R1, #0x0F
   15 00000008 F001 03F0       AND              R3, R1, #0xF0
   16 0000000C EA4F 1313       MOV              R3, R3, LSR #4
   17 00000010 F04F 040A       MOV              R4, #10
   18 00000014 FB03 F504       MUL              R5, R3, R4
   19 00000018 EB05 0602       ADD              R6, R5, R2
   20 0000001C 4803            LDR              R0, =RESULT
   21 0000001E 6006            STR              R6, [R0]
   22 00000020 E7FE    STOP    B                STOP
   23 00000022 00 00 00000021 
                       NUM     DCD              0x21
   24 00000028 00000000 
              00000000         AREA             data, DATA, READWRITE
   25 00000000 00000000 
                       RESULT  DCD              0
   26 00000004                 END
Command Line: --debug --xref --cpu=Cortex-M3 --apcs=interwork --depend=l4q2.d -
ol4q2.o -IC:\Keil\ARM\RV31\INC -IC:\Keil\ARM\CMSIS\Include -IC:\Keil\ARM\Inc\NX
P\LPC17xx --predefine="__EVAL SETA 1" --list=l4q2.lst l4q2.asm



ARM Macro Assembler    Page 1 Alphabetic symbol ordering
Relocatable symbols

RESET 00000000

Symbol: RESET
   Definitions
      At line 2 in file l4q2.asm
   Uses
      None
Comment: RESET unused
__Vectors 00000000

Symbol: __Vectors
   Definitions
      At line 4 in file l4q2.asm
   Uses
      At line 3 in file l4q2.asm
Comment: __Vectors used once
2 symbols



ARM Macro Assembler    Page 1 Alphabetic symbol ordering
Relocatable symbols

NUM 00000024

Symbol: NUM
   Definitions
      At line 23 in file l4q2.asm
   Uses
      At line 12 in file l4q2.asm
Comment: NUM used once
Reset_Handler 00000000

Symbol: Reset_Handler
   Definitions
      At line 11 in file l4q2.asm
   Uses
      At line 6 in file l4q2.asm
      At line 10 in file l4q2.asm

STOP 00000020

Symbol: STOP
   Definitions
      At line 22 in file l4q2.asm
   Uses
      At line 22 in file l4q2.asm
Comment: STOP used once
mycode 00000000

Symbol: mycode
   Definitions
      At line 8 in file l4q2.asm
   Uses
      None
Comment: mycode unused
4 symbols



ARM Macro Assembler    Page 1 Alphabetic symbol ordering
Relocatable symbols

RESULT 00000000

Symbol: RESULT
   Definitions
      At line 25 in file l4q2.asm
   Uses
      At line 20 in file l4q2.asm
Comment: RESULT used once
data 00000000

Symbol: data
   Definitions
      At line 24 in file l4q2.asm
   Uses
      None
Comment: data unused
2 symbols
341 symbols in table
