


ARM Macro Assembler    Page 1 


    1 00000000         ;Write an assembly language program to convert a 2-digit
                        hex number in to its equivalent BCD number
    2 00000000                 AREA             RESET, DATA, READONLY
    3 00000000                 EXPORT           __Vectors
    4 00000000         __Vectors
    5 00000000 40001000        DCD              0x40001000
    6 00000004 00000000        DCD              Reset_Handler
    7 00000008                 ALIGN
    8 00000008                 AREA             mycode, CODE, READONLY
    9 00000000                 ENTRY
   10 00000000                 EXPORT           Reset_Handler
   11 00000000         Reset_Handler
   12 00000000 480B            LDR              R0,=NUM
   13 00000002 6801            LDR              R1,[R0]
   14 00000004 F04F 0200       MOV              R2, #0
   15 00000008 F04F 030A       MOV              R3, #10
   16 0000000C 460C            MOV              R4, R1
   17 0000000E         
   18 0000000E         DIV_LOOP
   19 0000000E 429C            CMP              R4, R3
   20 00000010 D304            BLO              DIV_DONE
   21 00000012 EBA4 0403       SUB              R4, R4, R3
   22 00000016 F102 0201       ADD              R2, R2, #1
   23 0000001A E7F8            B                DIV_LOOP
   24 0000001C         
   25 0000001C         DIV_DONE
   26 0000001C EA4F 1202       LSL              R2, R2, #4
   27 00000020 EA42 0504       ORR              R5, R2, R4
   28 00000024 4803            LDR              R0,=RESULT
   29 00000026 6005            STR              R5,[R0]
   30 00000028 E7FE    STOP    B                STOP
   31 0000002A 00 00 00000015 
                       NUM     DCD              0X15
   32 00000030 00000000 
              00000000         AREA             data, DATA, READWRITE
   33 00000000 00000000 
                       RESULT  DCD              0
   34 00000004                 END
Command Line: --debug --xref --cpu=Cortex-M3 --apcs=interwork --depend=l4q3.d -
ol4q3.o -IC:\Keil\ARM\RV31\INC -IC:\Keil\ARM\CMSIS\Include -IC:\Keil\ARM\Inc\NX
P\LPC17xx --predefine="__EVAL SETA 1" --list=l4q3.lst l4q3.asm



ARM Macro Assembler    Page 1 Alphabetic symbol ordering
Relocatable symbols

RESET 00000000

Symbol: RESET
   Definitions
      At line 2 in file l4q3.asm
   Uses
      None
Comment: RESET unused
__Vectors 00000000

Symbol: __Vectors
   Definitions
      At line 4 in file l4q3.asm
   Uses
      At line 3 in file l4q3.asm
Comment: __Vectors used once
2 symbols



ARM Macro Assembler    Page 1 Alphabetic symbol ordering
Relocatable symbols

DIV_DONE 0000001C

Symbol: DIV_DONE
   Definitions
      At line 25 in file l4q3.asm
   Uses
      At line 20 in file l4q3.asm
Comment: DIV_DONE used once
DIV_LOOP 0000000E

Symbol: DIV_LOOP
   Definitions
      At line 18 in file l4q3.asm
   Uses
      At line 23 in file l4q3.asm
Comment: DIV_LOOP used once
NUM 0000002C

Symbol: NUM
   Definitions
      At line 31 in file l4q3.asm
   Uses
      At line 12 in file l4q3.asm
Comment: NUM used once
Reset_Handler 00000000

Symbol: Reset_Handler
   Definitions
      At line 11 in file l4q3.asm
   Uses
      At line 6 in file l4q3.asm
      At line 10 in file l4q3.asm

STOP 00000028

Symbol: STOP
   Definitions
      At line 30 in file l4q3.asm
   Uses
      At line 30 in file l4q3.asm
Comment: STOP used once
mycode 00000000

Symbol: mycode
   Definitions
      At line 8 in file l4q3.asm
   Uses
      None
Comment: mycode unused
6 symbols



ARM Macro Assembler    Page 1 Alphabetic symbol ordering
Relocatable symbols

RESULT 00000000

Symbol: RESULT
   Definitions
      At line 33 in file l4q3.asm
   Uses
      At line 28 in file l4q3.asm
Comment: RESULT used once
data 00000000

Symbol: data
   Definitions
      At line 32 in file l4q3.asm
   Uses
      None
Comment: data unused
2 symbols
343 symbols in table
