


ARM Macro Assembler    Page 1 


    1 00000000         ;Write a program to add ten 32 bit numbers stored in cod
                       e segment and store the result in data segment
    2 00000000                 AREA             RESET,DATA,READONLY
    3 00000000                 EXPORT           __Vectors
    4 00000000         __Vectors
    5 00000000 10001000        DCD              0X10001000
    6 00000004 00000000        DCD              Reset_Handler
    7 00000008                 ALIGN
    8 00000008                 AREA             mycode,CODE,READONLY
    9 00000000                 ENTRY
   10 00000000                 EXPORT           Reset_Handler
   11 00000000         Reset_Handler
   12 00000000 4811            LDR              R0,=SRC
   13 00000002 F04F 020A       MOV              R2,#10
   14 00000006 4911            LDR              R1,=SUM
   15 00000008 F850 3B04 
                       BACK    LDR              R3,[R0],#4
   16 0000000C 18E4            ADDS             R4,R3
   17 0000000E F145 0500       ADC              R5,#0
   18 00000012 3A01            SUBS             R2,#1
   19 00000014 D1F8            BNE              BACK
   20 00000016 F841 4B04       STR              R4,[R1],#4
   21 0000001A 600D            STR              R5,[R1]
   22 0000001C E7FE    STOP    B                STOP
   23 0000001E 00 00 12345678 
              A1B2C3D4 
              E5F61234 
              578A3BE1 
              1CEC8EA3 
              07A2144A 
              C90C5A43 
              F1325468 
              00001989 
              0000672B SRC     DCD              0X12345678,0XA1B2C3D4,0XE5F6123
4,0X578A3BE1,0X1CEC8EA3,0X7A2144A,0XC90C5A43,0XF1325468,0X1989,0X672B
   24 00000048 00000000 
              00000000         AREA             data,DATA,READWRITE
   25 00000000 00000000 
              00000000 SUM     DCD              0,0
   26 00000008                 END
Command Line: --debug --xref --cpu=Cortex-M3 --apcs=interwork --depend=l3q1.d -
ol3q1.o -IC:\Keil\ARM\RV31\INC -IC:\Keil\ARM\CMSIS\Include -IC:\Keil\ARM\Inc\NX
P\LPC17xx --predefine="__EVAL SETA 1" --list=l3q1.lst l3q1.asm



ARM Macro Assembler    Page 1 Alphabetic symbol ordering
Relocatable symbols

RESET 00000000

Symbol: RESET
   Definitions
      At line 2 in file l3q1.asm
   Uses
      None
Comment: RESET unused
__Vectors 00000000

Symbol: __Vectors
   Definitions
      At line 4 in file l3q1.asm
   Uses
      At line 3 in file l3q1.asm
Comment: __Vectors used once
2 symbols



ARM Macro Assembler    Page 1 Alphabetic symbol ordering
Relocatable symbols

BACK 00000008

Symbol: BACK
   Definitions
      At line 15 in file l3q1.asm
   Uses
      At line 19 in file l3q1.asm
Comment: BACK used once
Reset_Handler 00000000

Symbol: Reset_Handler
   Definitions
      At line 11 in file l3q1.asm
   Uses
      At line 6 in file l3q1.asm
      At line 10 in file l3q1.asm

SRC 00000020

Symbol: SRC
   Definitions
      At line 23 in file l3q1.asm
   Uses
      At line 12 in file l3q1.asm
Comment: SRC used once
STOP 0000001C

Symbol: STOP
   Definitions
      At line 22 in file l3q1.asm
   Uses
      At line 22 in file l3q1.asm
Comment: STOP used once
mycode 00000000

Symbol: mycode
   Definitions
      At line 8 in file l3q1.asm
   Uses
      None
Comment: mycode unused
5 symbols



ARM Macro Assembler    Page 1 Alphabetic symbol ordering
Relocatable symbols

SUM 00000000

Symbol: SUM
   Definitions
      At line 25 in file l3q1.asm
   Uses
      At line 14 in file l3q1.asm
Comment: SUM used once
data 00000000

Symbol: data
   Definitions
      At line 24 in file l3q1.asm
   Uses
      None
Comment: data unused
2 symbols
342 symbols in table
