


ARM Macro Assembler    Page 1 


    1 00000000         ;Write a program to add two 128 bit numbers stored in co
                       de segment and store the result in data segment.
    2 00000000                 AREA             RESET,DATA,READONLY
    3 00000000                 EXPORT           __Vectors
    4 00000000         __Vectors
    5 00000000 10001000        DCD              0X10001000
    6 00000004 00000000        DCD              Reset_Handler
    7 00000008                 ALIGN
    8 00000008                 AREA             mycode,CODE,READONLY
    9 00000000                 ENTRY
   10 00000000                 EXPORT           Reset_Handler
   11 00000000         Reset_Handler
   12 00000000 4812            LDR              R0,=N1
   13 00000002 4913            LDR              R1,=N2
   14 00000004 4A13            LDR              R2,=SUM
   15 00000006 F04F 0604       MOV              R6,#4
   16 0000000A F850 3B04 
                       UP      LDR              R3,[R0],#4
   17 0000000E F851 4B04       LDR              R4,[R1],#4
   18 00000012 EB53 0504       ADCS             R5,R3,R4
   19 00000016 F842 5B04       STR              R5,[R2],#4
   20 0000001A F1A6 0601       SUB              R6,#1
   21 0000001E F096 0F00       TEQ              R6,#0
   22 00000022 D1F2            BNE              UP
   23 00000024 F147 0700       ADC              R7,#0
   24 00000028 602F            STR              R7,[R5]
   25 0000002A E7FE    STOP    B                STOP
   26 0000002C 00001A2B 
              00003C4D 
              00005E6F 
              0000A1B2 N1      DCD              0X1A2B,0X3C4D,0X5E6F,0XA1B2
   27 0000003C 0000C3D4 
              0000E5F6 
              00001234 
              00005678 N2      DCD              0XC3D4,0XE5F6,0X1234,0X5678
   28 0000004C 00000000 
              00000000 
              00000000         AREA             mydata,DATA,READWRITE
   29 00000000 00000000 
              00000000 
              00000000 
              00000000 SUM     DCD              0,0,0,0
   30 00000010                 END
Command Line: --debug --xref --cpu=Cortex-M3 --apcs=interwork --depend=l3q2.d -
ol3q2.o -IC:\Keil\ARM\RV31\INC -IC:\Keil\ARM\CMSIS\Include -IC:\Keil\ARM\Inc\NX
P\LPC17xx --predefine="__EVAL SETA 1" --list=l3q2.lst l3q2.asm



ARM Macro Assembler    Page 1 Alphabetic symbol ordering
Relocatable symbols

RESET 00000000

Symbol: RESET
   Definitions
      At line 2 in file l3q2.asm
   Uses
      None
Comment: RESET unused
__Vectors 00000000

Symbol: __Vectors
   Definitions
      At line 4 in file l3q2.asm
   Uses
      At line 3 in file l3q2.asm
Comment: __Vectors used once
2 symbols



ARM Macro Assembler    Page 1 Alphabetic symbol ordering
Relocatable symbols

N1 0000002C

Symbol: N1
   Definitions
      At line 26 in file l3q2.asm
   Uses
      At line 12 in file l3q2.asm
Comment: N1 used once
N2 0000003C

Symbol: N2
   Definitions
      At line 27 in file l3q2.asm
   Uses
      At line 13 in file l3q2.asm
Comment: N2 used once
Reset_Handler 00000000

Symbol: Reset_Handler
   Definitions
      At line 11 in file l3q2.asm
   Uses
      At line 6 in file l3q2.asm
      At line 10 in file l3q2.asm

STOP 0000002A

Symbol: STOP
   Definitions
      At line 25 in file l3q2.asm
   Uses
      At line 25 in file l3q2.asm
Comment: STOP used once
UP 0000000A

Symbol: UP
   Definitions
      At line 16 in file l3q2.asm
   Uses
      At line 22 in file l3q2.asm
Comment: UP used once
mycode 00000000

Symbol: mycode
   Definitions
      At line 8 in file l3q2.asm
   Uses
      None
Comment: mycode unused
6 symbols



ARM Macro Assembler    Page 1 Alphabetic symbol ordering
Relocatable symbols

SUM 00000000

Symbol: SUM
   Definitions
      At line 29 in file l3q2.asm
   Uses
      At line 14 in file l3q2.asm
Comment: SUM used once
mydata 00000000

Symbol: mydata
   Definitions
      At line 28 in file l3q2.asm
   Uses
      None
Comment: mydata unused
2 symbols
343 symbols in table
