


ARM Macro Assembler    Page 1 


    1 00000000         ;Write a program to subtract two 128 bit numbers
    2 00000000                 AREA             RESET,DATA,READONLY
    3 00000000                 EXPORT           __Vectors
    4 00000000         __Vectors
    5 00000000 10001000        DCD              0X10001000
    6 00000004 00000000        DCD              Reset_Handler
    7 00000008                 ALIGN
    8 00000008                 AREA             mycode,CODE,READONLY
    9 00000000                 ENTRY
   10 00000000                 EXPORT           Reset_Handler
   11 00000000         Reset_Handler
   12 00000000 4813            LDR              R0,=N1
   13 00000002 4914            LDR              R1,=N2
   14 00000004 4A14            LDR              R2,=DIFF
   15 00000006 F04F 0604       MOV              R6,#4
   16 0000000A F850 3B04       LDR              R3,[R0],#4
   17 0000000E F851 4B04       LDR              R4,[R1],#4
   18 00000012 1B1D            SUBS             R5,R3,R4
   19 00000014 F842 5B04       STR              R5,[R2],#4
   20 00000018 F850 3B04 
                       UP      LDR              R3,[R0],#4
   21 0000001C F851 4B04       LDR              R4,[R1],#4
   22 00000020 EB73 0504       SBCS             R5,R3,R4
   23 00000024 F842 5B04       STR              R5,[R2],#4
   24 00000028 1E76            SUBS             R6,R6,#1
   25 0000002A D1F5            BNE              UP
   26 0000002C E7FE    STOP    B                STOP
   27 0000002E 00 00 A2D44B69 
              DCB2454E 
              F453AB68 
              CC46545A N1      DCD              0XA2D44B69,0XDCB2454E,0XF453AB6
8,0XCC46545A
   28 00000040 13254894 
              52532078 
              01241352 
              AB34F561 N2      DCD              0X13254894,0X52532078,0X0124135
2,0XAB34F561
   29 00000050 00000000 
              00000000 
              00000000         AREA             mydata,DATA,READWRITE
   30 00000000 00000000 
              00000000 
              00000000 
              00000000 DIFF    DCD              0,0,0,0
   31 00000010                 END
Command Line: --debug --xref --cpu=Cortex-M3 --apcs=interwork --depend=l3q3.d -
ol3q3.o -IC:\Keil\ARM\RV31\INC -IC:\Keil\ARM\CMSIS\Include -IC:\Keil\ARM\Inc\NX
P\LPC17xx --predefine="__EVAL SETA 1" --list=l3q3.lst l3q3.asm



ARM Macro Assembler    Page 1 Alphabetic symbol ordering
Relocatable symbols

RESET 00000000

Symbol: RESET
   Definitions
      At line 2 in file l3q3.asm
   Uses
      None
Comment: RESET unused
__Vectors 00000000

Symbol: __Vectors
   Definitions
      At line 4 in file l3q3.asm
   Uses
      At line 3 in file l3q3.asm
Comment: __Vectors used once
2 symbols



ARM Macro Assembler    Page 1 Alphabetic symbol ordering
Relocatable symbols

N1 00000030

Symbol: N1
   Definitions
      At line 27 in file l3q3.asm
   Uses
      At line 12 in file l3q3.asm
Comment: N1 used once
N2 00000040

Symbol: N2
   Definitions
      At line 28 in file l3q3.asm
   Uses
      At line 13 in file l3q3.asm
Comment: N2 used once
Reset_Handler 00000000

Symbol: Reset_Handler
   Definitions
      At line 11 in file l3q3.asm
   Uses
      At line 6 in file l3q3.asm
      At line 10 in file l3q3.asm

STOP 0000002C

Symbol: STOP
   Definitions
      At line 26 in file l3q3.asm
   Uses
      At line 26 in file l3q3.asm
Comment: STOP used once
UP 00000018

Symbol: UP
   Definitions
      At line 20 in file l3q3.asm
   Uses
      At line 25 in file l3q3.asm
Comment: UP used once
mycode 00000000

Symbol: mycode
   Definitions
      At line 8 in file l3q3.asm
   Uses
      None
Comment: mycode unused
6 symbols



ARM Macro Assembler    Page 1 Alphabetic symbol ordering
Relocatable symbols

DIFF 00000000

Symbol: DIFF
   Definitions
      At line 30 in file l3q3.asm
   Uses
      At line 14 in file l3q3.asm
Comment: DIFF used once
mydata 00000000

Symbol: mydata
   Definitions
      At line 29 in file l3q3.asm
   Uses
      None
Comment: mydata unused
2 symbols
343 symbols in table
