


ARM Macro Assembler    Page 1 


    1 00000000         ;Write a program to subtract two 32 bit numbers
    2 00000000                 AREA             RESET,DATA,READONLY
    3 00000000                 EXPORT           __Vectors
    4 00000000         __Vectors
    5 00000000 10001000        DCD              0X10001000
    6 00000004 00000000        DCD              Reset_Handler
    7 00000008                 ALIGN
    8 00000008                 AREA             mycode,CODE,READONLY
    9 00000000                 ENTRY
   10 00000000                 EXPORT           Reset_Handler
   11 00000000         Reset_Handler
   12 00000000 4805            LDR              R0,=VAL1
   13 00000002 6801            LDR              R1,[R0]
   14 00000004 4805            LDR              R0,=VAL2
   15 00000006 6803            LDR              R3,[R0]
   16 00000008 1A5C            SUBS             R4,R3,R1
   17 0000000A 4A05            LDR              R2,=RESULT
   18 0000000C 6014            STR              R4,[R2]
   19 0000000E E7FE    STOP    B                STOP
   20 00000010 12345678 
                       VAL1    DCD              0X12345678
   21 00000014 ABCDEF12 
                       VAL2    DCD              0XABCDEF12
   22 00000018 00000000 
              00000000 
              00000000         AREA             data,DATA,READWRITE
   23 00000000 00000000 
                       RESULT  DCD              0
                       
Command Line: --debug --xref --cpu=Cortex-M3 --apcs=interwork --depend=SUB_32.d
 -oSUB_32.o -IC:\Keil\ARM\RV31\INC -IC:\Keil\ARM\CMSIS\Include -IC:\Keil\ARM\In
c\NXP\LPC17xx --predefine="__EVAL SETA 1" --list=SUB_32.lst SUB_32.ASM



ARM Macro Assembler    Page 1 Alphabetic symbol ordering
Relocatable symbols

RESET 00000000

Symbol: RESET
   Definitions
      At line 2 in file SUB_32.ASM
   Uses
      None
Comment: RESET unused
__Vectors 00000000

Symbol: __Vectors
   Definitions
      At line 4 in file SUB_32.ASM
   Uses
      At line 3 in file SUB_32.ASM
Comment: __Vectors used once
2 symbols



ARM Macro Assembler    Page 1 Alphabetic symbol ordering
Relocatable symbols

Reset_Handler 00000000

Symbol: Reset_Handler
   Definitions
      At line 11 in file SUB_32.ASM
   Uses
      At line 6 in file SUB_32.ASM
      At line 10 in file SUB_32.ASM

STOP 0000000E

Symbol: STOP
   Definitions
      At line 19 in file SUB_32.ASM
   Uses
      At line 19 in file SUB_32.ASM
Comment: STOP used once
VAL1 00000010

Symbol: VAL1
   Definitions
      At line 20 in file SUB_32.ASM
   Uses
      At line 12 in file SUB_32.ASM
Comment: VAL1 used once
VAL2 00000014

Symbol: VAL2
   Definitions
      At line 21 in file SUB_32.ASM
   Uses
      At line 14 in file SUB_32.ASM
Comment: VAL2 used once
mycode 00000000

Symbol: mycode
   Definitions
      At line 8 in file SUB_32.ASM
   Uses
      None
Comment: mycode unused
5 symbols



ARM Macro Assembler    Page 1 Alphabetic symbol ordering
Relocatable symbols

RESULT 00000000

Symbol: RESULT
   Definitions
      At line 23 in file SUB_32.ASM
   Uses
      At line 17 in file SUB_32.ASM
Comment: RESULT used once
data 00000000

Symbol: data
   Definitions
      At line 22 in file SUB_32.ASM
   Uses
      None
Comment: data unused
2 symbols
342 symbols in table
